::1 - - [30/Mar/2019:00:06:58 +0000] "GET /fulltext/makefulltextfeed.php?format=json&url=http://www.espncricinfo.com/ci/content/story/1179199.html?CMP=OTC-RSS HTTP/1.1" 404 10077 "-" "-"
::1 - - [30/Mar/2019:00:06:59 +0000] "GET /fulltext/makefulltextfeed.php?format=json&url=http://www.espncricinfo.com/ci/content/story/1179197.html?CMP=OTC-RSS HTTP/1.1" 404 10077 "-" "-"
::1 - - [30/Mar/2019:00:06:59 +0000] "GET /fulltext/makefulltextfeed.php?format=json&url=http://www.espncricinfo.com/ci/content/story/1179178.html?CMP=OTC-RSS HTTP/1.1" 404 10077 "-" "-"
::1 - - [30/Mar/2019:00:07:00 +0000] "GET /fulltext/makefulltextfeed.php?format=json&url=http://www.espncricinfo.com/ci/content/story/1179175.html?CMP=OTC-RSS HTTP/1.1" 404 10077 "-" "-"
::1 - - [30/Mar/2019:00:07:00 +0000] "GET /fulltext/makefulltextfeed.php?format=json&url=http://www.espncricinfo.com/ci/content/story/1179136.html?CMP=OTC-RSS HTTP/1.1" 404 10077 "-" "-"
::1 - - [30/Mar/2019:00:07:01 +0000] "GET /fulltext/makefulltextfeed.php?format=json&url=http://www.espncricinfo.com/ci/content/story/1179134.html?CMP=OTC-RSS HTTP/1.1" 404 10077 "-" "-"
::1 - - [30/Mar/2019:00:07:01 +0000] "GET /fulltext/makefulltextfeed.php?format=json&url=http://www.espncricinfo.com/ci/content/story/1179131.html?CMP=OTC-RSS HTTP/1.1" 404 10077 "-" "-"
::1 - - [30/Mar/2019:00:07:02 +0000] "GET /fulltext/makefulltextfeed.php?format=json&url=http://www.espncricinfo.com/ci/content/story/1179120.html?CMP=OTC-RSS HTTP/1.1" 404 10077 "-" "-"
::1 - - [30/Mar/2019:00:07:03 +0000] "GET /fulltext/makefulltextfeed.php?format=json&url=http://www.espncricinfo.com/ci/content/story/1179119.html?CMP=OTC-RSS HTTP/1.1" 404 10077 "-" "-"
::1 - - [30/Mar/2019:00:07:03 +0000] "GET /fulltext/makefulltextfeed.php?format=json&url=http://www.espncricinfo.com/ci/content/story/1179112.html?CMP=OTC-RSS HTTP/1.1" 404 10077 "-" "-"
::1 - - [30/Mar/2019:00:07:04 +0000] "GET /fulltext/makefulltextfeed.php?format=json&url=http://www.espncricinfo.com/ci/content/story/1179111.html?CMP=OTC-RSS HTTP/1.1" 404 10077 "-" "-"
::1 - - [30/Mar/2019:00:07:04 +0000] "GET /fulltext/makefulltextfeed.php?format=json&url=http://www.espncricinfo.com/ci/content/story/1179085.html?CMP=OTC-RSS HTTP/1.1" 404 10077 "-" "-"
::1 - - [30/Mar/2019:00:07:05 +0000] "GET /fulltext/makefulltextfeed.php?format=json&url=http://www.espncricinfo.com/ci/content/story/1179077.html?CMP=OTC-RSS HTTP/1.1" 404 10077 "-" "-"
::1 - - [30/Mar/2019:00:07:05 +0000] "GET /fulltext/makefulltextfeed.php?format=json&url=http://www.espncricinfo.com/ci/content/story/1179076.html?CMP=OTC-RSS HTTP/1.1" 404 10077 "-" "-"
64.62.252.174 - - [30/Mar/2019:00:07:06 +0000] "GET /posting.php?mode=quote&f=3&p=45380&sid=a6400d016b25deefcf7fbba6f732d217 HTTP/1.1" 404 4941 "-" "The Knowledge AI"
::1 - - [30/Mar/2019:00:07:06 +0000] "GET /fulltext/makefulltextfeed.php?format=json&url=http://www.espncricinfo.com/ci/content/story/1179049.html?CMP=OTC-RSS HTTP/1.1" 404 10077 "-" "-"
64.62.252.174 - - [30/Mar/2019:00:07:06 +0000] "GET /viewtopic.php?p=45380&sid=a6400d016b25deefcf7fbba6f732d217 HTTP/1.1" 404 4941 "-" "The Knowledge AI"
64.62.252.174 - - [30/Mar/2019:00:07:06 +0000] "GET /memberlist.php?mode=viewprofile&u=1738&sid=a6400d016b25deefcf7fbba6f732d217 HTTP/1.1" 404 4941 "-" "The Knowledge AI"
::1 - - [30/Mar/2019:00:07:07 +0000] "GET /fulltext/makefulltextfeed.php?format=json&url=http://www.espncricinfo.com/ci/content/story/1179046.html?CMP=OTC-RSS HTTP/1.1" 404 10077 "-" "-"
64.62.252.174 - - [30/Mar/2019:00:07:07 +0000] "GET /search.php?author_id=1738&sr=posts&sid=a6400d016b25deefcf7fbba6f732d217 HTTP/1.1" 404 4941 "-" "The Knowledge AI"
::1 - - [30/Mar/2019:00:07:07 +0000] "GET /fulltext/makefulltextfeed.php?format=json&url=http://www.espncricinfo.com/ci/content/story/1179041.html?CMP=OTC-RSS HTTP/1.1" 404 10077 "-" "-"
::1 - - [30/Mar/2019:00:07:08 +0000] "GET /fulltext/makefulltextfeed.php?format=json&url=http://www.espncricinfo.com/ci/content/story/1179038.html?CMP=OTC-RSS HTTP/1.1" 404 10077 "-" "-"
::1 - - [30/Mar/2019:00:07:08 +0000] "GET /fulltext/makefulltextfeed.php?format=json&url=http://www.espncricinfo.com/ci/content/story/1179029.html?CMP=OTC-RSS HTTP/1.1" 404 10077 "-" "-"
::1 - - [30/Mar/2019:00:07:09 +0000] "GET /fulltext/makefulltextfeed.php?format=json&url=http://www.espncricinfo.com/ci/content/story/1179028.html?CMP=OTC-RSS HTTP/1.1" 404 10077 "-" "-"
::1 - - [30/Mar/2019:00:07:09 +0000] "GET /fulltext/makefulltextfeed.php?format=json&url=http://www.espncricinfo.com/ci/content/story/1179023.html?CMP=OTC-RSS HTTP/1.1" 404 10077 "-" "-"
::1 - - [30/Mar/2019:00:07:10 +0000] "GET /fulltext/makefulltextfeed.php?format=json&url=http://www.espncricinfo.com/ci/content/story/1179021.html?CMP=OTC-RSS HTTP/1.1" 404 10077 "-" "-"
::1 - - [30/Mar/2019:00:07:10 +0000] "GET /fulltext/makefulltextfeed.php?format=json&url=http://www.espncricinfo.com/ci/content/story/1179020.html?CMP=OTC-RSS HTTP/1.1" 404 10077 "-" "-"
::1 - - [30/Mar/2019:00:07:11 +0000] "GET /fulltext/makefulltextfeed.php?format=json&url=http://www.espncricinfo.com/ci/content/story/1178997.html?CMP=OTC-RSS HTTP/1.1" 404 10077 "-" "-"
::1 - - [30/Mar/2019:00:07:11 +0000] "GET /fulltext/makefulltextfeed.php?format=json&url=http://www.espncricinfo.com/ci/content/story/1178991.html?CMP=OTC-RSS HTTP/1.1" 404 10077 "-" "-"
::1 - - [30/Mar/2019:00:07:12 +0000] "GET /fulltext/makefulltextfeed.php?format=json&url=http://www.espncricinfo.com/ci/content/story/1178989.html?CMP=OTC-RSS HTTP/1.1" 404 10077 "-" "-"
::1 - - [30/Mar/2019:00:07:12 +0000] "GET /fulltext/makefulltextfeed.php?format=json&url=http://www.espncricinfo.com/ci/content/story/1178987.html?CMP=OTC-RSS HTTP/1.1" 404 10077 "-" "-"
::1 - - [30/Mar/2019:00:07:13 +0000] "GET /fulltext/makefulltextfeed.php?format=json&url=http://www.espncricinfo.com/ci/content/story/1178974.html?CMP=OTC-RSS HTTP/1.1" 404 10077 "-" "-"
::1 - - [30/Mar/2019:00:07:13 +0000] "GET /fulltext/makefulltextfeed.php?format=json&url=http://www.espncricinfo.com/ci/content/story/1178961.html?CMP=OTC-RSS HTTP/1.1" 404 10077 "-" "-"
118.24.109.217 - - [30/Mar/2019:00:05:42 +0000] "GET /phpNyAdmin/index.php HTTP/1.1" 404 10086 "-" "Mozilla/5.0 (Windows NT 6.1; Win64; x64; rv:57.0) Gecko/20100101 Firefox/57.0"
118.24.109.217 - - [30/Mar/2019:00:05:43 +0000] "GET /program/index.php HTTP/1.1" 404 10086 "-" "Mozilla/5.0 (Windows NT 6.1; Win64; x64; rv:57.0) Gecko/20100101 Firefox/57.0"
118.24.109.217 - - [30/Mar/2019:00:05:43 +0000] "GET /shopdb/index.php HTTP/1.1" 404 10086 "-" "Mozilla/5.0 (Windows NT 6.1; Win64; x64; rv:57.0) Gecko/20100101 Firefox/57.0"
35.237.1.60 - - [30/Mar/2019:00:05:46 +0000] "GET /robots.txt HTTP/1.0" 404 4947 "-" "ZoominfoBot (zoominfobot at zoominfo dot com)"
118.24.109.217 - - [30/Mar/2019:00:05:46 +0000] "GET /phppma/index.php HTTP/1.1" 404 10086 "-" "Mozilla/5.0 (Windows NT 6.1; Win64; x64; rv:57.0) Gecko/20100101 Firefox/57.0"
35.237.1.60 - - [30/Mar/2019:00:05:46 +0000] "GET /cgi-sys/defaultwebpage.cgi HTTP/1.0" 200 1485 "-" "ZoominfoBot (zoominfobot at zoominfo dot com)"
118.24.109.217 - - [30/Mar/2019:00:05:50 +0000] "GET /mysql/admin/index.php HTTP/1.1" 404 10086 "-" "Mozilla/5.0 (Windows NT 6.1; Win64; x64; rv:57.0) Gecko/20100101 Firefox/57.0"
118.24.109.217 - - [30/Mar/2019:00:05:54 +0000] "GET /mysql/sqlmanager/index.php HTTP/1.1" 404 10086 "-" "Mozilla/5.0 (Windows NT 6.1; Win64; x64; rv:57.0) Gecko/20100101 Firefox/57.0"
162.158.154.49 - - [30/Mar/2019:00:05:58 +0000] "GET / HTTP/1.1" 200 163 "-" "Mozilla/5.0 (X11; Linux x86_64) AppleWebKit/537.11 (KHTML, like Gecko) Chrome/23.0.1271.64 Safari/537.11"
118.24.109.217 - - [30/Mar/2019:00:05:58 +0000] "GET /wp-content/plugins/portable-phpmyadmin/wp-pma-mod/index.php HTTP/1.1" 404 10086 "-" "Mozilla/5.0 (Windows NT 6.1; Win64; x64; rv:57.0) Gecko/20100101 Firefox/57.0"
118.24.109.217 - - [30/Mar/2019:00:05:59 +0000] "GET /manager/html HTTP/1.1" 404 10086 "-" "Mozilla/5.0 (Windows NT 6.1; WOW64; rv:57.0) Gecko/20100101 Firefox/57.0"
82.114.75.202 - - [30/Mar/2019:00:06:04 +0000] "GET / HTTP/1.1" 200 163 "-" "Mozilla/5.0 (Windows NT 6.1; WOW64) AppleWebKit/537.36 (KHTML, like Gecko) Chrome/51.0.2704.103 Safari/537.36"
46.101.119.24 - - [30/Mar/2019:00:06:16 +0000] "GET /~nayiduny/ HTTP/1.1" 404 10083 "-" "Mozilla/5.0 (Linux; Android 7.0; SAMSUNG SM-G950F Build/NRD90M) AppleWebKit/537.36 (KHTML, like Gecko) SamsungBrowser/5.2 Chrome/51.0.2704.106 Mobile Safari/537.36"
46.101.94.163 - - [30/Mar/2019:00:06:16 +0000] "GET /~nayiduny/ HTTP/1.1" 404 10083 "-" "Mozilla/5.0 (Linux; Android 7.0; SAMSUNG SM-G950F Build/NRD90M) AppleWebKit/537.36 (KHTML, like Gecko) SamsungBrowser/5.2 Chrome/51.0.2704.106 Mobile Safari/537.36"
162.243.187.126 - - [30/Mar/2019:00:06:17 +0000] "GET /~nayiduny/ HTTP/1.1" 404 10083 "-" "Mozilla/5.0 (Linux; Android 7.0; SAMSUNG SM-G950F Build/NRD90M) AppleWebKit/537.36 (KHTML, like Gecko) SamsungBrowser/5.2 Chrome/51.0.2704.106 Mobile Safari/537.36"
18.228.190.164 - - [30/Mar/2019:00:06:18 +0000] "GET /~nayiduny/ HTTP/1.1" 404 10083 "-" "Mozilla/5.0 (Linux; Android 7.0; SAMSUNG SM-G950F Build/NRD90M) AppleWebKit/537.36 (KHTML, like Gecko) SamsungBrowser/5.2 Chrome/51.0.2704.106 Mobile Safari/537.36"
162.158.106.180 - - [30/Mar/2019:00:06:52 +0000] "GET /robots.txt HTTP/1.1" 404 4942 "-" "Mozilla/5.0 (compatible; DotBot/1.1; http://www.opensiteexplorer.org/dotbot, help@moz.com)"
209.17.97.10 - - [30/Mar/2019:00:06:58 +0000] "GET / HTTP/1.1" 401 39907 "-" "Mozilla/5.0 (compatible; Nimbostratus-Bot/v1.3.2; http://cloudsystemnetworks.com)"
209.17.97.10 - - [30/Mar/2019:00:06:58 +0000] "GET / HTTP/1.1" 401 39907 "-" "Mozilla/5.0 (compatible; Nimbostratus-Bot/v1.3.2; http://cloudsystemnetworks.com)"
79.10.47.94 - - [30/Mar/2019:00:07:00 +0000] "GET /cgi-sys/movingpage.cgi HTTP/1.1" 200 7378 "-" "Mozilla/5.0 (Windows NT 6.1; WOW64; rv:40.0) Gecko/20100101 Firefox/40.1"
50.247.57.253 - - [30/Mar/2019:00:07:14 +0000] "GET / HTTP/1.1" 200 163 "-" "Mozilla/5.0 (Windows NT 10.0; WOW64) AppleWebKit/537.36 (KHTML, like Gecko) Chrome/52.0.2743.116 Safari/537.36"
::1 - - [30/Mar/2019:00:07:14 +0000] "GET /fulltext/makefulltextfeed.php?format=json&url=http://www.espncricinfo.com/ci/content/story/1178943.html?CMP=OTC-RSS HTTP/1.1" 404 10077 "-" "-"
::1 - - [30/Mar/2019:00:07:14 +0000] "GET /fulltext/makefulltextfeed.php?format=json&url=http://www.espncricinfo.com/ci/content/story/1178938.html?CMP=OTC-RSS HTTP/1.1" 404 10077 "-" "-"
::1 - - [30/Mar/2019:00:07:15 +0000] "GET /fulltext/makefulltextfeed.php?format=json&url=http://www.espncricinfo.com/ci/content/story/1178934.html?CMP=OTC-RSS HTTP/1.1" 404 10077 "-" "-"
::1 - - [30/Mar/2019:00:07:15 +0000] "GET /fulltext/makefulltextfeed.php?format=json&url=http://www.espncricinfo.com/ci/content/story/1178929.html?CMP=OTC-RSS HTTP/1.1" 404 10077 "-" "-"
::1 - - [30/Mar/2019:00:07:16 +0000] "GET /fulltext/makefulltextfeed.php?format=json&url=http://www.espncricinfo.com/ci/content/story/1178928.html?CMP=OTC-RSS HTTP/1.1" 404 10077 "-" "-"
::1 - - [30/Mar/2019:00:07:16 +0000] "GET /fulltext/makefulltextfeed.php?format=json&url=http://www.espncricinfo.com/ci/content/story/1178927.html?CMP=OTC-RSS HTTP/1.1" 404 10077 "-" "-"
64.62.252.174 - - [30/Mar/2019:00:07:17 +0000] "GET /posting.php?mode=quote&f=3&p=45384&sid=a6400d016b25deefcf7fbba6f732d217 HTTP/1.1" 404 4942 "-" "The Knowledge AI"
::1 - - [30/Mar/2019:00:07:17 +0000] "GET /fulltext/makefulltextfeed.php?format=json&url=http://www.espncricinfo.com/ci/content/story/1178918.html?CMP=OTC-RSS HTTP/1.1" 404 10077 "-" "-"
64.62.252.174 - - [30/Mar/2019:00:07:17 +0000] "GET /viewtopic.php?p=45384&sid=a6400d016b25deefcf7fbba6f732d217 HTTP/1.1" 404 4942 "-" "The Knowledge AI"
64.62.252.174 - - [30/Mar/2019:00:07:18 +0000] "GET /posting.php?mode=quote&f=3&p=45388&sid=a6400d016b25deefcf7fbba6f732d217 HTTP/1.1" 404 4941 "-" "The Knowledge AI"
::1 - - [30/Mar/2019:00:07:18 +0000] "GET /fulltext/makefulltextfeed.php?format=json&url=http://www.espncricinfo.com/ci/content/story/1178891.html?CMP=OTC-RSS HTTP/1.1" 404 10077 "-" "-"
::1 - - [30/Mar/2019:00:07:18 +0000] "GET /fulltext/makefulltextfeed.php?format=json&url=http://www.espncricinfo.com/ci/content/story/1178874.html?CMP=OTC-RSS HTTP/1.1" 404 10077 "-" "-"
::1 - - [30/Mar/2019:00:07:19 +0000] "GET /fulltext/makefulltextfeed.php?format=json&url=http://www.espncricinfo.com/ci/content/story/1178872.html?CMP=OTC-RSS HTTP/1.1" 404 10077 "-" "-"
::1 - - [30/Mar/2019:00:07:20 +0000] "GET /fulltext/makefulltextfeed.php?format=json&url=http://www.espncricinfo.com/ci/content/story/1178854.html?CMP=OTC-RSS HTTP/1.1" 404 10077 "-" "-"
::1 - - [30/Mar/2019:00:07:20 +0000] "GET /fulltext/makefulltextfeed.php?format=json&url=http://www.espncricinfo.com/ci/content/story/1178844.html?CMP=OTC-RSS HTTP/1.1" 404 10077 "-" "-"
::1 - - [30/Mar/2019:00:07:21 +0000] "GET /fulltext/makefulltextfeed.php?format=json&url=http://www.espncricinfo.com/ci/content/story/1178820.html?CMP=OTC-RSS HTTP/1.1" 404 10077 "-" "-"
::1 - - [30/Mar/2019:00:07:21 +0000] "GET /fulltext/makefulltextfeed.php?format=json&url=http://www.espncricinfo.com/ci/content/story/1178817.html?CMP=OTC-RSS HTTP/1.1" 404 10077 "-" "-"
::1 - - [30/Mar/2019:00:07:22 +0000] "GET /fulltext/makefulltextfeed.php?format=json&url=http://www.espncricinfo.com/ci/content/story/1178811.html?CMP=OTC-RSS HTTP/1.1" 404 10077 "-" "-"
::1 - - [30/Mar/2019:00:07:22 +0000] "GET /fulltext/makefulltextfeed.php?format=json&url=http://www.espncricinfo.com/ci/content/story/1178807.html?CMP=OTC-RSS HTTP/1.1" 404 10077 "-" "-"
::1 - - [30/Mar/2019:00:07:23 +0000] "GET /fulltext/makefulltextfeed.php?format=json&url=http://www.espncricinfo.com/ci/content/story/1178804.html?CMP=OTC-RSS HTTP/1.1" 404 10077 "-" "-"
::1 - - [30/Mar/2019:00:07:24 +0000] "GET /fulltext/makefulltextfeed.php?format=json&url=http://www.espncricinfo.com/ci/content/story/1178797.html?CMP=OTC-RSS HTTP/1.1" 404 10077 "-" "-"
::1 - - [30/Mar/2019:00:07:24 +0000] "GET /fulltext/makefulltextfeed.php?format=json&url=http://www.espncricinfo.com/ci/content/story/1178790.html?CMP=OTC-RSS HTTP/1.1" 404 10077 "-" "-"
118.24.109.217 - - [30/Mar/2019:00:01:55 +0000] "POST /p34ky1337.php HTTP/1.1" 404 10086 "-" "Mozilla/5.0 (Windows NT 10.0; Win64; x64) AppleWebKit/537.36 (KHTML, like Gecko) Chrome/66.0.3359.139 Safari/537.36"
118.24.109.217 - - [30/Mar/2019:00:01:56 +0000] "POST /pk1914.php HTTP/1.1" 404 10086 "-" "Mozilla/5.0 (Windows NT 10.0; Win64; x64) AppleWebKit/537.36 (KHTML, like Gecko) Chrome/66.0.3359.139 Safari/537.36"
118.24.109.217 - - [30/Mar/2019:00:01:57 +0000] "POST /sllolx.php HTTP/1.1" 404 10086 "-" "Mozilla/5.0 (Windows NT 10.0; Win64; x64) AppleWebKit/537.36 (KHTML, like Gecko) Chrome/66.0.3359.139 Safari/537.36"
118.24.109.217 - - [30/Mar/2019:00:01:58 +0000] "POST /Skri.php HTTP/1.1" 404 10086 "-" "Mozilla/5.0 (Windows NT 10.0; Win64; x64) AppleWebKit/537.36 (KHTML, like Gecko) Chrome/66.0.3359.139 Safari/537.36"
118.24.109.217 - - [30/Mar/2019:00:01:59 +0000] "POST /db_dataml.php HTTP/1.1" 404 10086 "-" "Mozilla/5.0 (Windows NT 10.0; Win64; x64) AppleWebKit/537.36 (KHTML, like Gecko) Chrome/66.0.3359.139 Safari/537.36"
118.24.109.217 - - [30/Mar/2019:00:02:06 +0000] "POST /mx.php HTTP/1.1" 404 10086 "-" "Mozilla/5.0 (Windows NT 10.0; Win64; x64) AppleWebKit/537.36 (KHTML, like Gecko) Chrome/66.0.3359.139 Safari/537.36"
118.24.109.217 - - [30/Mar/2019:00:02:07 +0000] "POST /wshell.php HTTP/1.1" 404 10086 "-" "Mozilla/5.0 (Windows NT 10.0; Win64; x64) AppleWebKit/537.36 (KHTML, like Gecko) Chrome/66.0.3359.139 Safari/537.36"
209.17.96.218 - - [30/Mar/2019:00:02:09 +0000] "GET / HTTP/1.1" 200 163 "-" "Mozilla/5.0 (compatible; Nimbostratus-Bot/v1.3.2; http://cloudsystemnetworks.com)"
209.17.96.218 - - [30/Mar/2019:00:02:09 +0000] "GET / HTTP/1.1" 200 163 "-" "Mozilla/5.0 (compatible; Nimbostratus-Bot/v1.3.2; http://cloudsystemnetworks.com)"
209.17.96.218 - - [30/Mar/2019:00:02:09 +0000] "GET / HTTP/1.1" 200 163 "-" "Mozilla/5.0 (compatible; Nimbostratus-Bot/v1.3.2; http://cloudsystemnetworks.com)"
118.24.109.217 - - [30/Mar/2019:00:02:10 +0000] "POST /qq.php HTTP/1.1" 404 10086 "-" "Mozilla/5.0 (Windows NT 10.0; Win64; x64) AppleWebKit/537.36 (KHTML, like Gecko) Chrome/66.0.3359.139 Safari/537.36"
118.24.109.217 - - [30/Mar/2019:00:02:11 +0000] "POST /conflg.php HTTP/1.1" 404 10086 "-" "Mozilla/5.0 (Windows NT 10.0; Win64; x64) AppleWebKit/537.36 (KHTML, like Gecko) Chrome/66.0.3359.139 Safari/537.36"
118.24.109.217 - - [30/Mar/2019:00:02:13 +0000] "POST /conflg.php HTTP/1.1" 404 10086 "-" "Mozilla/5.0 (Windows NT 10.0; Win64; x64) AppleWebKit/537.36 (KHTML, like Gecko) Chrome/66.0.3359.139 Safari/537.36"
118.24.109.217 - - [30/Mar/2019:00:02:14 +0000] "POST /lindex.php HTTP/1.1" 404 10086 "-" "Mozilla/5.0 (Windows NT 10.0; Win64; x64) AppleWebKit/537.36 (KHTML, like Gecko) Chrome/66.0.3359.139 Safari/537.36"
118.24.109.217 - - [30/Mar/2019:00:02:15 +0000] "POST /phpstudy.php HTTP/1.1" 404 10086 "-" "Mozilla/5.0 (Windows NT 10.0; Win64; x64) AppleWebKit/537.36 (KHTML, like Gecko) Chrome/66.0.3359.139 Safari/537.36"
118.24.109.217 - - [30/Mar/2019:00:02:18 +0000] "POST /phpStudy.php HTTP/1.1" 404 10086 "-" "Mozilla/5.0 (Windows NT 10.0; Win64; x64) AppleWebKit/537.36 (KHTML, like Gecko) Chrome/66.0.3359.139 Safari/537.36"
118.24.109.217 - - [30/Mar/2019:00:02:19 +0000] "POST /weixiao.php HTTP/1.1" 404 10086 "-" "Mozilla/5.0 (Windows NT 10.0; Win64; x64) AppleWebKit/537.36 (KHTML, like Gecko) Chrome/66.0.3359.139 Safari/537.36"
118.24.109.217 - - [30/Mar/2019:00:02:19 +0000] "POST /feixiang.php HTTP/1.1" 404 10086 "-" "Mozilla/5.0 (Windows NT 10.0; Win64; x64) AppleWebKit/537.36 (KHTML, like Gecko) Chrome/66.0.3359.139 Safari/537.36"
118.24.109.217 - - [30/Mar/2019:00:02:20 +0000] "POST /ak47.php HTTP/1.1" 404 10086 "-" "Mozilla/5.0 (Windows NT 10.0; Win64; x64) AppleWebKit/537.36 (KHTML, like Gecko) Chrome/66.0.3359.139 Safari/537.36"
64.62.252.174 - - [30/Mar/2019:00:01:12 +0000] "GET /viewforum.php?f=6&sid=9265bdb76e3506026c508c931947531a HTTP/1.1" 404 4941 "-" "The Knowledge AI"
64.62.252.174 - - [30/Mar/2019:00:01:12 +0000] "GET /viewforum.php?f=7&sid=9265bdb76e3506026c508c931947531a HTTP/1.1" 404 4941 "-" "The Knowledge AI"
64.62.252.174 - - [30/Mar/2019:00:01:12 +0000] "GET /viewforum.php?f=8&sid=9265bdb76e3506026c508c931947531a HTTP/1.1" 404 4941 "-" "The Knowledge AI"
64.62.252.174 - - [30/Mar/2019:00:01:13 +0000] "GET /ucp.php?mode=delete_cookies&sid=9265bdb76e3506026c508c931947531a HTTP/1.1" 404 4941 "-" "The Knowledge AI"
64.62.252.174 - - [30/Mar/2019:00:01:23 +0000] "GET /memberlist.php?mode=contactadmin&sid=9265bdb76e3506026c508c931947531a HTTP/1.1" 404 4941 "-" "The Knowledge AI"
64.62.252.174 - - [30/Mar/2019:00:01:23 +0000] "GET /ucp.php?mode=privacy&sid=9265bdb76e3506026c508c931947531a HTTP/1.1" 404 4941 "-" "The Knowledge AI"
64.62.252.174 - - [30/Mar/2019:00:01:23 +0000] "GET /ucp.php?mode=terms&sid=9265bdb76e3506026c508c931947531a HTTP/1.1" 404 4941 "-" "The Knowledge AI"
64.62.252.174 - - [30/Mar/2019:00:01:24 +0000] "GET /cron.php?cron_type=cron.task.core.queue&sid=9265bdb76e3506026c508c931947531a HTTP/1.1" 404 4941 "-" "The Knowledge AI"
64.62.252.174 - - [30/Mar/2019:00:01:34 +0000] "GET /app.php/feed?sid=48413d4a37d0ecc6c94f88dd9e3e6f5f HTTP/1.1" 404 4941 "-" "The Knowledge AI"
64.62.252.174 - - [30/Mar/2019:00:01:34 +0000] "GET /app.php/feed/topics?sid=48413d4a37d0ecc6c94f88dd9e3e6f5f HTTP/1.1" 404 4941 "-" "The Knowledge AI"
64.62.252.174 - - [30/Mar/2019:00:01:34 +0000] "GET /app.php/feed/forum/3?sid=48413d4a37d0ecc6c94f88dd9e3e6f5f HTTP/1.1" 404 4941 "-" "The Knowledge AI"
64.62.252.174 - - [30/Mar/2019:00:01:35 +0000] "GET /app.php/feed/topic/43272?sid=48413d4a37d0ecc6c94f88dd9e3e6f5f HTTP/1.1" 404 4941 "-" "The Knowledge AI"
64.62.252.174 - - [30/Mar/2019:00:01:45 +0000] "GET /viewtopic.php?t=43272 HTTP/1.1" 404 4941 "-" "The Knowledge AI"
64.62.252.174 - - [30/Mar/2019:00:01:45 +0000] "GET /index.php?sid=48413d4a37d0ecc6c94f88dd9e3e6f5f HTTP/1.1" 404 4941 "-" "The Knowledge AI"
64.62.252.174 - - [30/Mar/2019:00:01:46 +0000] "GET /search.php?sid=48413d4a37d0ecc6c94f88dd9e3e6f5f HTTP/1.1" 404 4941 "-" "The Knowledge AI"
64.62.252.174 - - [30/Mar/2019:00:01:46 +0000] "GET /search.php?search_id=unanswered&sid=48413d4a37d0ecc6c94f88dd9e3e6f5f HTTP/1.1" 404 4941 "-" "The Knowledge AI"
64.62.252.174 - - [30/Mar/2019:00:01:56 +0000] "GET /search.php?search_id=active_topics&sid=48413d4a37d0ecc6c94f88dd9e3e6f5f HTTP/1.1" 404 4941 "-" "The Knowledge AI"
64.62.252.174 - - [30/Mar/2019:00:01:56 +0000] "GET /app.php/help/faq?sid=48413d4a37d0ecc6c94f88dd9e3e6f5f HTTP/1.1" 404 4941 "-" "The Knowledge AI"
64.62.252.174 - - [30/Mar/2019:00:01:57 +0000] "GET /ucp.php?mode=login&sid=48413d4a37d0ecc6c94f88dd9e3e6f5f HTTP/1.1" 404 4941 "-" "The Knowledge AI"
64.62.252.174 - - [30/Mar/2019:00:01:57 +0000] "GET /ucp.php?mode=register&sid=48413d4a37d0ecc6c94f88dd9e3e6f5f HTTP/1.1" 404 4941 "-" "The Knowledge AI"
64.62.252.174 - - [30/Mar/2019:00:02:07 +0000] "GET /viewforum.php?f=3&sid=48413d4a37d0ecc6c94f88dd9e3e6f5f HTTP/1.1" 404 4941 "-" "The Knowledge AI"
64.62.252.174 - - [30/Mar/2019:00:02:07 +0000] "GET /viewtopic.php?f=3&t=43272&sid=48413d4a37d0ecc6c94f88dd9e3e6f5f HTTP/1.1" 404 4941 "-" "The Knowledge AI"
64.62.252.174 - - [30/Mar/2019:00:02:08 +0000] "GET /posting.php?mode=reply&f=3&t=43272&sid=48413d4a37d0ecc6c94f88dd9e3e6f5f HTTP/1.1" 404 4941 "-" "The Knowledge AI"
64.62.252.174 - - [30/Mar/2019:00:02:08 +0000] "GET /viewtopic.php?f=3&t=43272&sid=48413d4a37d0ecc6c94f88dd9e3e6f5f&view=print HTTP/1.1" 404 4941 "-" "The Knowledge AI"
64.62.252.174 - - [30/Mar/2019:00:02:18 +0000] "GET /memberlist.php?mode=viewprofile&u=816&sid=48413d4a37d0ecc6c94f88dd9e3e6f5f HTTP/1.1" 404 4941 "-" "The Knowledge AI"
::1 - - [30/Mar/2019:00:07:25 +0000] "GET /fulltext/makefulltextfeed.php?format=json&url=http://www.espncricinfo.com/ci/content/story/1178789.html?CMP=OTC-RSS HTTP/1.1" 404 10077 "-" "-"
::1 - - [30/Mar/2019:00:07:25 +0000] "GET /fulltext/makefulltextfeed.php?format=json&url=http://www.espncricinfo.com/ci/content/story/1178788.html?CMP=OTC-RSS HTTP/1.1" 404 10077 "-" "-"
::1 - - [30/Mar/2019:00:07:26 +0000] "GET /fulltext/makefulltextfeed.php?format=json&url=http://www.espncricinfo.com/ci/content/story/1178752.html?CMP=OTC-RSS HTTP/1.1" 404 10077 "-" "-"
::1 - - [30/Mar/2019:00:07:26 +0000] "GET /fulltext/makefulltextfeed.php?format=json&url=http://www.espncricinfo.com/ci/content/story/1178736.html?CMP=OTC-RSS HTTP/1.1" 404 10077 "-" "-"
::1 - - [30/Mar/2019:00:07:27 +0000] "GET /fulltext/makefulltextfeed.php?format=json&url=http://www.espncricinfo.com/ci/content/story/1178717.html?CMP=OTC-RSS HTTP/1.1" 404 10077 "-" "-"
::1 - - [30/Mar/2019:00:07:27 +0000] "GET /fulltext/makefulltextfeed.php?format=json&url=http://www.espncricinfo.com/ci/content/story/1178716.html?CMP=OTC-RSS HTTP/1.1" 404 10077 "-" "-"
::1 - - [30/Mar/2019:00:07:28 +0000] "GET /fulltext/makefulltextfeed.php?format=json&url=http://www.espncricinfo.com/ci/content/story/1178712.html?CMP=OTC-RSS HTTP/1.1" 404 10077 "-" "-"
64.62.252.174 - - [30/Mar/2019:00:07:28 +0000] "GET /viewtopic.php?p=45388&sid=a6400d016b25deefcf7fbba6f732d217 HTTP/1.1" 404 4941 "-" "The Knowledge AI"
64.62.252.174 - - [30/Mar/2019:00:07:28 +0000] "GET /viewforum.php?f=5&sid=a6400d016b25deefcf7fbba6f732d217 HTTP/1.1" 404 4941 "-" "The Knowledge AI"
::1 - - [30/Mar/2019:00:07:28 +0000] "GET /fulltext/makefulltextfeed.php?format=json&url=http://www.espncricinfo.com/ci/content/story/1178705.html?CMP=OTC-RSS HTTP/1.1" 404 10077 "-" "-"
64.62.252.174 - - [30/Mar/2019:00:07:28 +0000] "GET /viewforum.php?f=4&sid=a6400d016b25deefcf7fbba6f732d217 HTTP/1.1" 404 4941 "-" "The Knowledge AI"
::1 - - [30/Mar/2019:00:07:29 +0000] "GET /fulltext/makefulltextfeed.php?format=json&url=http://www.espncricinfo.com/ci/content/story/1178704.html?CMP=OTC-RSS HTTP/1.1" 404 10077 "-" "-"
64.62.252.174 - - [30/Mar/2019:00:07:29 +0000] "GET /viewforum.php?f=6&sid=a6400d016b25deefcf7fbba6f732d217 HTTP/1.1" 404 4942 "-" "The Knowledge AI"
::1 - - [30/Mar/2019:00:07:29 +0000] "GET /fulltext/makefulltextfeed.php?format=json&url=http://www.espncricinfo.com/ci/content/story/1178703.html?CMP=OTC-RSS HTTP/1.1" 404 10077 "-" "-"
::1 - - [30/Mar/2019:00:07:30 +0000] "GET /fulltext/makefulltextfeed.php?format=json&url=http://www.espncricinfo.com/ci/content/story/1178702.html?CMP=OTC-RSS HTTP/1.1" 404 10077 "-" "-"
::1 - - [30/Mar/2019:00:07:30 +0000] "GET /fulltext/makefulltextfeed.php?format=json&url=http://www.espncricinfo.com/ci/content/story/1178701.html?CMP=OTC-RSS HTTP/1.1" 404 10077 "-" "-"
::1 - - [30/Mar/2019:00:07:31 +0000] "GET /fulltext/makefulltextfeed.php?format=json&url=http://www.espncricinfo.com/ci/content/story/1178342.html?CMP=OTC-RSS HTTP/1.1" 404 10077 "-" "-"
::1 - - [30/Mar/2019:00:07:32 +0000] "GET /fulltext/makefulltextfeed.php?format=json&url=http://www.espncricinfo.com/ci/content/story/1178687.html?CMP=OTC-RSS HTTP/1.1" 404 10077 "-" "-"
::1 - - [30/Mar/2019:00:07:33 +0000] "GET /fulltext/makefulltextfeed.php?format=json&url=http://www.espncricinfo.com/ci/content/story/1178678.html?CMP=OTC-RSS HTTP/1.1" 404 10077 "-" "-"
::1 - - [30/Mar/2019:00:07:33 +0000] "GET /fulltext/makefulltextfeed.php?format=json&url=http://www.espncricinfo.com/ci/content/story/1178670.html?CMP=OTC-RSS HTTP/1.1" 404 10077 "-" "-"
::1 - - [30/Mar/2019:00:07:34 +0000] "GET /fulltext/makefulltextfeed.php?format=json&url=http://www.espncricinfo.com/ci/content/story/1178669.html?CMP=OTC-RSS HTTP/1.1" 404 10077 "-" "-"
::1 - - [30/Mar/2019:00:07:34 +0000] "GET /fulltext/makefulltextfeed.php?format=json&url=http://www.espncricinfo.com/ci/content/story/1178668.html?CMP=OTC-RSS HTTP/1.1" 404 10077 "-" "-"
::1 - - [30/Mar/2019:00:07:35 +0000] "GET /fulltext/makefulltextfeed.php?format=json&url=http://www.espncricinfo.com/ci/content/story/1178655.html?CMP=OTC-RSS HTTP/1.1" 404 10077 "-" "-"
::1 - - [30/Mar/2019:00:07:36 +0000] "GET /fulltext/makefulltextfeed.php?format=json&url=http://www.espncricinfo.com/ci/content/story/1178653.html?CMP=OTC-RSS HTTP/1.1" 404 10077 "-" "-"
::1 - - [30/Mar/2019:00:07:36 +0000] "GET /fulltext/makefulltextfeed.php?format=json&url=http://www.espncricinfo.com/ci/content/story/1178642.html?CMP=OTC-RSS HTTP/1.1" 404 10077 "-" "-"
::1 - - [30/Mar/2019:00:07:37 +0000] "GET /fulltext/makefulltextfeed.php?format=json&url=http://www.espncricinfo.com/ci/content/story/1178626.html?CMP=OTC-RSS HTTP/1.1" 404 10077 "-" "-"
::1 - - [30/Mar/2019:00:07:37 +0000] "GET /fulltext/makefulltextfeed.php?format=json&url=http://www.espncricinfo.com/ci/content/story/1178625.html?CMP=OTC-RSS HTTP/1.1" 404 10077 "-" "-"
::1 - - [30/Mar/2019:00:07:38 +0000] "GET /fulltext/makefulltextfeed.php?format=json&url=http://www.espncricinfo.com/ci/content/story/1178620.html?CMP=OTC-RSS HTTP/1.1" 404 10077 "-" "-"
::1 - - [30/Mar/2019:00:07:39 +0000] "GET /fulltext/makefulltextfeed.php?format=json&url=http://www.espncricinfo.com/ci/content/story/1178617.html?CMP=OTC-RSS HTTP/1.1" 404 10077 "-" "-"
64.62.252.174 - - [30/Mar/2019:00:07:39 +0000] "GET /viewforum.php?f=7&sid=a6400d016b25deefcf7fbba6f732d217 HTTP/1.1" 404 4942 "-" "The Knowledge AI"
::1 - - [30/Mar/2019:00:07:39 +0000] "GET /fulltext/makefulltextfeed.php?format=json&url=http://www.espncricinfo.com/ci/content/story/1178616.html?CMP=OTC-RSS HTTP/1.1" 404 10077 "-" "-"
64.62.252.174 - - [30/Mar/2019:00:07:39 +0000] "GET /viewforum.php?f=8&sid=a6400d016b25deefcf7fbba6f732d217 HTTP/1.1" 404 4942 "-" "The Knowledge AI"
64.62.252.174 - - [30/Mar/2019:00:07:39 +0000] "GET /ucp.php?mode=delete_cookies&sid=a6400d016b25deefcf7fbba6f732d217 HTTP/1.1" 404 4942 "-" "The Knowledge AI"
64.62.252.174 - - [30/Mar/2019:00:07:40 +0000] "GET /memberlist.php?mode=contactadmin&sid=a6400d016b25deefcf7fbba6f732d217 HTTP/1.1" 404 4941 "-" "The Knowledge AI"
::1 - - [30/Mar/2019:00:07:40 +0000] "GET /fulltext/makefulltextfeed.php?format=json&url=http://www.espncricinfo.com/ci/content/story/1178615.html?CMP=OTC-RSS HTTP/1.1" 404 10077 "-" "-"
::1 - - [30/Mar/2019:00:07:40 +0000] "GET /fulltext/makefulltextfeed.php?format=json&url=http://www.espncricinfo.com/ci/content/story/1178611.html?CMP=OTC-RSS HTTP/1.1" 404 10077 "-" "-"
::1 - - [30/Mar/2019:00:07:41 +0000] "GET /fulltext/makefulltextfeed.php?format=json&url=https://www.bbc.co.uk/news/uk-politics-47752017 HTTP/1.1" 404 10077 "-" "-"
::1 - - [30/Mar/2019:00:07:41 +0000] "GET /fulltext/makefulltextfeed.php?format=json&url=https://www.bbc.co.uk/news/uk-politics-47751805 HTTP/1.1" 404 10077 "-" "-"
::1 - - [30/Mar/2019:00:07:42 +0000] "GET /fulltext/makefulltextfeed.php?format=json&url=https://www.bbc.co.uk/news/uk-england-merseyside-47751801 HTTP/1.1" 404 10077 "-" "-"
::1 - - [30/Mar/2019:00:07:42 +0000] "GET /fulltext/makefulltextfeed.php?format=json&url=https://www.bbc.co.uk/news/business-47723950 HTTP/1.1" 404 10077 "-" "-"
::1 - - [30/Mar/2019:00:07:42 +0000] "GET /fulltext/makefulltextfeed.php?format=json&url=https://www.bbc.co.uk/news/entertainment-arts-47751390 HTTP/1.1" 404 10077 "-" "-"
::1 - - [30/Mar/2019:00:07:43 +0000] "GET /fulltext/makefulltextfeed.php?format=json&url=https://www.bbc.co.uk/news/uk-scotland-highlands-islands-47747836 HTTP/1.1" 404 10077 "-" "-"
::1 - - [30/Mar/2019:00:07:43 +0000] "GET /fulltext/makefulltextfeed.php?format=json&url=https://www.bbc.co.uk/news/world-africa-47746938 HTTP/1.1" 404 10077 "-" "-"
::1 - - [30/Mar/2019:00:07:44 +0000] "GET /fulltext/makefulltextfeed.php?format=json&url=https://www.bbc.co.uk/news/world-us-canada-47752682 HTTP/1.1" 404 10077 "-" "-"
::1 - - [30/Mar/2019:00:07:44 +0000] "GET /fulltext/makefulltextfeed.php?format=json&url=https://www.bbc.co.uk/news/uk-wales-47745271 HTTP/1.1" 404 10077 "-" "-"
::1 - - [30/Mar/2019:00:07:44 +0000] "GET /fulltext/makefulltextfeed.php?format=json&url=https://www.bbc.co.uk/news/world-asia-47750025 HTTP/1.1" 404 10077 "-" "-"
::1 - - [30/Mar/2019:00:07:45 +0000] "GET /fulltext/makefulltextfeed.php?format=json&url=https://www.bbc.co.uk/news/uk-england-london-47750198 HTTP/1.1" 404 10077 "-" "-"
::1 - - [30/Mar/2019:00:07:45 +0000] "GET /fulltext/makefulltextfeed.php?format=json&url=https://www.bbc.co.uk/news/uk-wales-47753042 HTTP/1.1" 404 10077 "-" "-"
::1 - - [30/Mar/2019:00:07:46 +0000] "GET /fulltext/makefulltextfeed.php?format=json&url=https://www.bbc.co.uk/news/uk-england-essex-47753446 HTTP/1.1" 404 10077 "-" "-"
::1 - - [30/Mar/2019:00:07:46 +0000] "GET /fulltext/makefulltextfeed.php?format=json&url=https://www.bbc.co.uk/news/uk-politics-47748806 HTTP/1.1" 404 10077 "-" "-"
::1 - - [30/Mar/2019:00:07:47 +0000] "GET /fulltext/makefulltextfeed.php?format=json&url=https://www.bbc.co.uk/news/uk-politics-46393399 HTTP/1.1" 404 10077 "-" "-"
::1 - - [30/Mar/2019:00:07:47 +0000] "GET /fulltext/makefulltextfeed.php?format=json&url=https://www.bbc.co.uk/news/uk-politics-47704794 HTTP/1.1" 404 10077 "-" "-"
::1 - - [30/Mar/2019:00:07:47 +0000] "GET /fulltext/makefulltextfeed.php?format=json&url=https://www.bbc.co.uk/news/uk-politics-47756178 HTTP/1.1" 404 10077 "-" "-"
::1 - - [30/Mar/2019:00:07:48 +0000] "GET /fulltext/makefulltextfeed.php?format=json&url=https://www.bbc.co.uk/news/uk-politics-47745831 HTTP/1.1" 404 10077 "-" "-"
::1 - - [30/Mar/2019:00:07:49 +0000] "GET /fulltext/makefulltextfeed.php?format=json&url=https://www.bbc.co.uk/news/uk-47746311 HTTP/1.1" 404 10077 "-" "-"
::1 - - [30/Mar/2019:00:07:49 +0000] "GET /fulltext/makefulltextfeed.php?format=json&url=https://www.bbc.co.uk/news/newsbeat-47734444 HTTP/1.1" 404 10077 "-" "-"
::1 - - [30/Mar/2019:00:07:50 +0000] "GET /fulltext/makefulltextfeed.php?format=json&url=https://www.bbc.co.uk/news/uk-politics-47746313 HTTP/1.1" 404 10077 "-" "-"
64.62.252.174 - - [30/Mar/2019:00:07:50 +0000] "GET /ucp.php?mode=privacy&sid=a6400d016b25deefcf7fbba6f732d217 HTTP/1.1" 404 4941 "-" "The Knowledge AI"
::1 - - [30/Mar/2019:00:07:50 +0000] "GET /fulltext/makefulltextfeed.php?format=json&url=https://www.bbc.co.uk/news/newsbeat-47734673 HTTP/1.1" 404 10077 "-" "-"
64.62.252.174 - - [30/Mar/2019:00:07:51 +0000] "GET /ucp.php?mode=terms&sid=a6400d016b25deefcf7fbba6f732d217 HTTP/1.1" 404 4941 "-" "The Knowledge AI"
::1 - - [30/Mar/2019:00:07:51 +0000] "GET /fulltext/makefulltextfeed.php?format=json&url=https://www.bbc.co.uk/news/uk-47712530 HTTP/1.1" 404 10077 "-" "-"
::1 - - [30/Mar/2019:00:07:52 +0000] "GET /fulltext/makefulltextfeed.php?format=json&url=https://www.bbc.co.uk/news/uk-46237012 HTTP/1.1" 404 10077 "-" "-"
::1 - - [30/Mar/2019:00:07:52 +0000] "GET /fulltext/makefulltextfeed.php?format=json&url=https://www.bbc.co.uk/news/blogs-the-papers-47756308 HTTP/1.1" 404 10077 "-" "-"
::1 - - [30/Mar/2019:00:07:53 +0000] "GET /fulltext/makefulltextfeed.php?format=json&url=https://www.bbc.co.uk/news/uk-england-hampshire-47744752 HTTP/1.1" 404 10077 "-" "-"
::1 - - [30/Mar/2019:00:07:53 +0000] "GET /fulltext/makefulltextfeed.php?format=json&url=https://www.bbc.co.uk/news/entertainment-arts-47747855 HTTP/1.1" 404 10077 "-" "-"
::1 - - [30/Mar/2019:00:07:54 +0000] "GET /fulltext/makefulltextfeed.php?format=json&url=https://www.bbc.co.uk/news/newsbeat-47745901 HTTP/1.1" 404 10077 "-" "-"
::1 - - [30/Mar/2019:00:07:54 +0000] "GET /fulltext/makefulltextfeed.php?format=json&url=https://www.bbc.co.uk/news/health-47735108 HTTP/1.1" 404 10077 "-" "-"
::1 - - [30/Mar/2019:00:07:54 +0000] "GET /fulltext/makefulltextfeed.php?format=json&url=https://www.bbc.co.uk/news/uk-england-oxfordshire-47738543 HTTP/1.1" 404 10077 "-" "-"
::1 - - [30/Mar/2019:00:07:55 +0000] "GET /fulltext/makefulltextfeed.php?format=json&url=https://www.bbc.co.uk/news/world-asia-china-47743791 HTTP/1.1" 404 10077 "-" "-"
::1 - - [30/Mar/2019:00:07:56 +0000] "GET /fulltext/makefulltextfeed.php?format=json&url=https://www.bbc.co.uk/news/world-europe-47441345 HTTP/1.1" 404 10077 "-" "-"
::1 - - [30/Mar/2019:00:07:56 +0000] "GET /fulltext/makefulltextfeed.php?format=json&url=https://www.bbc.co.uk/news/newsbeat-47744670 HTTP/1.1" 404 10077 "-" "-"
::1 - - [30/Mar/2019:00:07:57 +0000] "GET /fulltext/makefulltextfeed.php?format=json&url=https://www.bbc.co.uk/news/uk-47741393 HTTP/1.1" 404 10077 "-" "-"
::1 - - [30/Mar/2019:00:07:58 +0000] "GET /fulltext/makefulltextfeed.php?format=json&url=https://www.bbc.co.uk/newsround/47744431 HTTP/1.1" 404 10077 "-" "-"
::1 - - [30/Mar/2019:00:07:58 +0000] "GET /fulltext/makefulltextfeed.php?format=json&url=https://www.bbc.co.uk/news/10318089 HTTP/1.1" 404 10077 "-" "-"
::1 - - [30/Mar/2019:00:07:59 +0000] "GET /fulltext/makefulltextfeed.php?format=json&url=https://www.bbc.co.uk/news/stories-47711610 HTTP/1.1" 404 10077 "-" "-"
::1 - - [30/Mar/2019:00:08:00 +0000] "GET /fulltext/makefulltextfeed.php?format=json&url=https://www.bbc.co.uk/news/world-us-canada-47725946 HTTP/1.1" 404 10077 "-" "-"
::1 - - [30/Mar/2019:00:08:00 +0000] "GET /fulltext/makefulltextfeed.php?format=json&url=https://www.bbc.co.uk/news/science-environment-47654950 HTTP/1.1" 404 10077 "-" "-"
::1 - - [30/Mar/2019:00:08:01 +0000] "GET /fulltext/makefulltextfeed.php?format=json&url=https://www.bbc.co.uk/news/business-47746141 HTTP/1.1" 404 10077 "-" "-"
64.62.252.174 - - [30/Mar/2019:00:08:01 +0000] "GET /cron.php?cron_type=cron.task.core.queue&sid=a6400d016b25deefcf7fbba6f732d217 HTTP/1.1" 404 4941 "-" "The Knowledge AI"
64.62.252.174 - - [30/Mar/2019:00:08:01 +0000] "GET /viewtopic.php?f=3&t=18066 HTTP/1.1" 404 4941 "-" "The Knowledge AI"
::1 - - [30/Mar/2019:00:08:02 +0000] "GET /fulltext/makefulltextfeed.php?format=json&url=https://www.bbc.co.uk/news/business-47711500 HTTP/1.1" 404 10077 "-" "-"
64.62.252.174 - - [30/Mar/2019:00:08:02 +0000] "GET /viewtopic.php?f=3&t=17662 HTTP/1.1" 404 4941 "-" "The Knowledge AI"
::1 - - [30/Mar/2019:00:08:03 +0000] "GET /fulltext/makefulltextfeed.php?format=json&url=https://www.bbc.co.uk/news/world-europe-47719370 HTTP/1.1" 404 10077 "-" "-"
::1 - - [30/Mar/2019:00:08:03 +0000] "GET /fulltext/makefulltextfeed.php?format=json&url=https://www.bbc.co.uk/news/entertainment-arts-47704476 HTTP/1.1" 404 10077 "-" "-"
::1 - - [30/Mar/2019:00:08:04 +0000] "GET /fulltext/makefulltextfeed.php?format=json&url=https://www.bbc.co.uk/sport/football/47751775 HTTP/1.1" 404 10077 "-" "-"
::1 - - [30/Mar/2019:00:08:04 +0000] "GET /fulltext/makefulltextfeed.php?format=json&url=https://www.bbc.co.uk/sport/47753816 HTTP/1.1" 404 10077 "-" "-"
::1 - - [30/Mar/2019:00:08:05 +0000] "GET /fulltext/makefulltextfeed.php?format=json&url=https://www.bbc.co.uk/sport/golf/47755210 HTTP/1.1" 404 10077 "-" "-"
::1 - - [30/Mar/2019:00:08:05 +0000] "GET /fulltext/makefulltextfeed.php?format=json&url=https://www.bbc.co.uk/sport/football/47662874 HTTP/1.1" 404 10077 "-" "-"
::1 - - [30/Mar/2019:00:08:05 +0000] "GET /fulltext/makefulltextfeed.php?format=json&url=https://www.bbc.co.uk/sport/football/47662867 HTTP/1.1" 404 10077 "-" "-"
::1 - - [30/Mar/2019:00:08:06 +0000] "GET /fulltext/makefulltextfeed.php?format=json&url=https://www.bbc.co.uk/sport/av/football/47749765 HTTP/1.1" 404 10077 "-" "-"
::1 - - [30/Mar/2019:00:08:06 +0000] "GET /fulltext/makefulltextfeed.php?format=json&url=https://www.bbc.co.uk/sport/football/47753823 HTTP/1.1" 404 10077 "-" "-"
::1 - - [30/Mar/2019:00:08:07 +0000] "GET /fulltext/makefulltextfeed.php?format=json&url=https://www.bbc.co.uk/news/world-us-canada-47627701 HTTP/1.1" 404 10077 "-" "-"
::1 - - [30/Mar/2019:00:08:07 +0000] "GET /fulltext/makefulltextfeed.php?format=json&url=https://www.bbc.co.uk/news/stories-47669937 HTTP/1.1" 404 10077 "-" "-"
::1 - - [30/Mar/2019:00:08:08 +0000] "GET /fulltext/makefulltextfeed.php?format=json&url=https://www.bbc.co.uk/news/world-asia-47650948 HTTP/1.1" 404 10077 "-" "-"
::1 - - [30/Mar/2019:00:08:08 +0000] "GET /fulltext/makefulltextfeed.php?format=json&url=https://www.bbc.co.uk/news/world-latin-america-47750729 HTTP/1.1" 404 10077 "-" "-"
::1 - - [30/Mar/2019:00:08:09 +0000] "GET /fulltext/makefulltextfeed.php?format=json&url=https://www.bbc.co.uk/news/world-us-canada-47752682 HTTP/1.1" 404 10077 "-" "-"
::1 - - [30/Mar/2019:00:08:09 +0000] "GET /fulltext/makefulltextfeed.php?format=json&url=https://www.bbc.co.uk/news/technology-47747357 HTTP/1.1" 404 10077 "-" "-"
::1 - - [30/Mar/2019:00:08:09 +0000] "GET /fulltext/makefulltextfeed.php?format=json&url=https://www.bbc.co.uk/news/world-asia-47744566 HTTP/1.1" 404 10077 "-" "-"
::1 - - [30/Mar/2019:00:08:10 +0000] "GET /fulltext/makefulltextfeed.php?format=json&url=https://www.bbc.co.uk/news/world-us-canada-47750685 HTTP/1.1" 404 10077 "-" "-"
::1 - - [30/Mar/2019:00:08:11 +0000] "GET /fulltext/makefulltextfeed.php?format=json&url=https://www.bbc.co.uk/news/world-africa-47746938 HTTP/1.1" 404 10077 "-" "-"
::1 - - [30/Mar/2019:00:08:11 +0000] "GET /fulltext/makefulltextfeed.php?format=json&url=https://www.bbc.co.uk/news/world-asia-47751005 HTTP/1.1" 404 10077 "-" "-"
::1 - - [30/Mar/2019:00:08:11 +0000] "GET /fulltext/makefulltextfeed.php?format=json&url=https://www.bbc.co.uk/news/world-us-canada-47754185 HTTP/1.1" 404 10077 "-" "-"
::1 - - [30/Mar/2019:00:08:12 +0000] "GET /fulltext/makefulltextfeed.php?format=json&url=https://www.bbc.co.uk/news/business-47741990 HTTP/1.1" 404 10077 "-" "-"
64.62.252.174 - - [30/Mar/2019:00:08:12 +0000] "GET /app.php/feed?sid=1bca46bd4e476b5f8a6141308e3c11b8 HTTP/1.1" 404 4941 "-" "The Knowledge AI"
::1 - - [30/Mar/2019:00:08:12 +0000] "GET /fulltext/makefulltextfeed.php?format=json&url=https://www.bbc.co.uk/news/world-europe-47748325 HTTP/1.1" 404 10077 "-" "-"
64.62.252.174 - - [30/Mar/2019:00:08:13 +0000] "GET /app.php/feed/topics?sid=1bca46bd4e476b5f8a6141308e3c11b8 HTTP/1.1" 404 4941 "-" "The Knowledge AI"
::1 - - [30/Mar/2019:00:08:13 +0000] "GET /fulltext/makefulltextfeed.php?format=json&url=https://www.bbc.co.uk/sport/boxing/47744247 HTTP/1.1" 404 10077 "-" "-"
::1 - - [30/Mar/2019:00:08:13 +0000] "GET /fulltext/makefulltextfeed.php?format=json&url=https://www.bbc.co.uk/news/world-middle-east-47745914 HTTP/1.1" 404 10077 "-" "-"
::1 - - [30/Mar/2019:00:08:15 +0000] "GET /fulltext/makefulltextfeed.php?format=json&url=https://www.bbc.co.uk/news/world-europe-47441345 HTTP/1.1" 404 10077 "-" "-"
::1 - - [30/Mar/2019:00:08:15 +0000] "GET /fulltext/makefulltextfeed.php?format=json&url=https://www.bbc.co.uk/news/entertainment-arts-47752925 HTTP/1.1" 404 10077 "-" "-"
::1 - - [30/Mar/2019:00:08:15 +0000] "GET /fulltext/makefulltextfeed.php?format=json&url=https://www.bbc.co.uk/news/world-us-canada-47740546 HTTP/1.1" 404 10077 "-" "-"
::1 - - [30/Mar/2019:00:08:16 +0000] "GET /fulltext/makefulltextfeed.php?format=json&url=https://www.bbc.co.uk/news/world-africa-47723967 HTTP/1.1" 404 10077 "-" "-"
::1 - - [30/Mar/2019:00:08:16 +0000] "GET /fulltext/makefulltextfeed.php?format=json&url=https://www.bbc.co.uk/news/world-us-canada-47729331 HTTP/1.1" 404 10077 "-" "-"
::1 - - [30/Mar/2019:00:08:17 +0000] "GET /fulltext/makefulltextfeed.php?format=json&url=https://www.bbc.co.uk/news/world-47706047 HTTP/1.1" 404 10077 "-" "-"
::1 - - [30/Mar/2019:00:08:18 +0000] "GET /fulltext/makefulltextfeed.php?format=json&url=https://www.bbc.co.uk/news/world-asia-47750025 HTTP/1.1" 404 10077 "-" "-"
::1 - - [30/Mar/2019:00:08:19 +0000] "GET /fulltext/makefulltextfeed.php?format=json&url=https://www.bbc.co.uk/news/world-asia-china-47743791 HTTP/1.1" 404 10077 "-" "-"
::1 - - [30/Mar/2019:00:08:20 +0000] "GET /fulltext/makefulltextfeed.php?format=json&url=https://www.bbc.co.uk/news/blogs-news-from-elsewhere-47754045 HTTP/1.1" 404 10077 "-" "-"
::1 - - [30/Mar/2019:00:08:20 +0000] "GET /fulltext/makefulltextfeed.php?format=json&url=https://www.bbc.co.uk/news/blogs-news-from-elsewhere-47745641 HTTP/1.1" 404 10077 "-" "-"
::1 - - [30/Mar/2019:00:08:21 +0000] "GET /fulltext/makefulltextfeed.php?format=json&url=https://www.bbc.co.uk/news/blogs-news-from-elsewhere-47700161 HTTP/1.1" 404 10077 "-" "-"
::1 - - [30/Mar/2019:00:08:22 +0000] "GET /fulltext/makefulltextfeed.php?format=json&url=https://www.bbc.co.uk/news/world-australia-47742473 HTTP/1.1" 404 10077 "-" "-"
::1 - - [30/Mar/2019:00:08:23 +0000] "GET /fulltext/makefulltextfeed.php?format=json&url=https://www.bbc.co.uk/news/world-asia-india-47721497 HTTP/1.1" 404 10077 "-" "-"
64.62.252.174 - - [30/Mar/2019:00:08:23 +0000] "GET /app.php/feed/forum/3?sid=1bca46bd4e476b5f8a6141308e3c11b8 HTTP/1.1" 404 4941 "-" "The Knowledge AI"
64.62.252.174 - - [30/Mar/2019:00:08:24 +0000] "GET /app.php/feed/topic/43421?sid=1bca46bd4e476b5f8a6141308e3c11b8 HTTP/1.1" 404 4941 "-" "The Knowledge AI"
::1 - - [30/Mar/2019:00:08:24 +0000] "GET /fulltext/makefulltextfeed.php?format=json&url=https://www.bbc.co.uk/news/world-europe-47719370 HTTP/1.1" 404 10077 "-" "-"
::1 - - [30/Mar/2019:00:08:24 +0000] "GET /fulltext/makefulltextfeed.php?format=json&url=https://www.bbc.co.uk/news/world-us-canada-47725946 HTTP/1.1" 404 10077 "-" "-"
::1 - - [30/Mar/2019:00:08:25 +0000] "GET /fulltext/makefulltextfeed.php?format=json&url=https://www.bbc.co.uk/news/world-africa-47734545 HTTP/1.1" 404 10077 "-" "-"
::1 - - [30/Mar/2019:00:08:26 +0000] "GET /fulltext/makefulltextfeed.php?format=json&url=https://www.bbc.co.uk/news/world-asia-india-47540452 HTTP/1.1" 404 10077 "-" "-"
::1 - - [30/Mar/2019:00:08:26 +0000] "GET /fulltext/makefulltextfeed.php?format=json&url=https://www.bbc.co.uk/news/world-47722427 HTTP/1.1" 404 10077 "-" "-"
::1 - - [30/Mar/2019:00:08:27 +0000] "GET /fulltext/makefulltextfeed.php?format=json&url=https://www.bbc.co.uk/news/world-europe-47719368 HTTP/1.1" 404 10077 "-" "-"
::1 - - [30/Mar/2019:00:08:28 +0000] "GET /fulltext/makefulltextfeed.php?format=json&url=https://www.bbc.co.uk/news/world-us-canada-47712096 HTTP/1.1" 404 10077 "-" "-"
::1 - - [30/Mar/2019:00:08:28 +0000] "GET /fulltext/makefulltextfeed.php?format=json&url=https://www.bbc.co.uk/news/science-environment-47721807 HTTP/1.1" 404 10077 "-" "-"
::1 - - [30/Mar/2019:00:08:29 +0000] "GET /fulltext/makefulltextfeed.php?format=json&url=https://www.bbc.co.uk/news/business-47723950 HTTP/1.1" 404 10077 "-" "-"
::1 - - [30/Mar/2019:00:08:30 +0000] "GET /fulltext/makefulltextfeed.php?format=json&url=https://www.bbc.co.uk/news/business-47753125 HTTP/1.1" 404 10077 "-" "-"
::1 - - [30/Mar/2019:00:08:30 +0000] "GET /fulltext/makefulltextfeed.php?format=json&url=https://www.bbc.co.uk/news/business-47746141 HTTP/1.1" 404 10077 "-" "-"
::1 - - [30/Mar/2019:00:08:31 +0000] "GET /fulltext/makefulltextfeed.php?format=json&url=https://www.bbc.co.uk/news/business-47741990 HTTP/1.1" 404 10077 "-" "-"
::1 - - [30/Mar/2019:00:08:31 +0000] "GET /fulltext/makefulltextfeed.php?format=json&url=https://www.bbc.co.uk/news/business-47745898 HTTP/1.1" 404 10077 "-" "-"
::1 - - [30/Mar/2019:00:08:32 +0000] "GET /fulltext/makefulltextfeed.php?format=json&url=https://www.bbc.co.uk/news/business-47745431 HTTP/1.1" 404 10077 "-" "-"
::1 - - [30/Mar/2019:00:08:32 +0000] "GET /fulltext/makefulltextfeed.php?format=json&url=https://www.bbc.co.uk/news/business-47736636 HTTP/1.1" 404 10077 "-" "-"
::1 - - [30/Mar/2019:00:08:33 +0000] "GET /fulltext/makefulltextfeed.php?format=json&url=https://www.bbc.co.uk/news/business-47745191 HTTP/1.1" 404 10077 "-" "-"
::1 - - [30/Mar/2019:00:08:33 +0000] "GET /fulltext/makefulltextfeed.php?format=json&url=https://www.bbc.co.uk/news/world-asia-47744566 HTTP/1.1" 404 10077 "-" "-"
::1 - - [30/Mar/2019:00:08:34 +0000] "GET /fulltext/makefulltextfeed.php?format=json&url=https://www.bbc.co.uk/news/business-47740529 HTTP/1.1" 404 10077 "-" "-"
::1 - - [30/Mar/2019:00:08:34 +0000] "GET /fulltext/makefulltextfeed.php?format=json&url=https://www.bbc.co.uk/news/business-47743152 HTTP/1.1" 404 10077 "-" "-"
64.62.252.174 - - [30/Mar/2019:00:08:35 +0000] "GET /viewtopic.php?t=43421 HTTP/1.1" 404 4941 "-" "The Knowledge AI"
::1 - - [30/Mar/2019:00:08:35 +0000] "GET /fulltext/makefulltextfeed.php?format=json&url=https://www.bbc.co.uk/news/business-47740523 HTTP/1.1" 404 10077 "-" "-"
::1 - - [30/Mar/2019:00:08:36 +0000] "GET /fulltext/makefulltextfeed.php?format=json&url=https://www.bbc.co.uk/news/business-47738353 HTTP/1.1" 404 10077 "-" "-"
::1 - - [30/Mar/2019:00:08:36 +0000] "GET /fulltext/makefulltextfeed.php?format=json&url=https://www.bbc.co.uk/news/business-47741425 HTTP/1.1" 404 10077 "-" "-"
::1 - - [30/Mar/2019:00:08:37 +0000] "GET /fulltext/makefulltextfeed.php?format=json&url=https://www.bbc.co.uk/news/business-47739303 HTTP/1.1" 404 10077 "-" "-"
::1 - - [30/Mar/2019:00:08:37 +0000] "GET /fulltext/makefulltextfeed.php?format=json&url=https://www.bbc.co.uk/news/business-47748642 HTTP/1.1" 404 10077 "-" "-"
::1 - - [30/Mar/2019:00:08:37 +0000] "GET /fulltext/makefulltextfeed.php?format=json&url=https://www.bbc.co.uk/news/business-47748639 HTTP/1.1" 404 10077 "-" "-"
::1 - - [30/Mar/2019:00:08:38 +0000] "GET /fulltext/makefulltextfeed.php?format=json&url=https://www.bbc.co.uk/news/technology-47731651 HTTP/1.1" 404 10077 "-" "-"
::1 - - [30/Mar/2019:00:08:39 +0000] "GET /fulltext/makefulltextfeed.php?format=json&url=https://www.bbc.co.uk/news/business-47713100 HTTP/1.1" 404 10077 "-" "-"
::1 - - [30/Mar/2019:00:08:39 +0000] "GET /fulltext/makefulltextfeed.php?format=json&url=https://www.bbc.co.uk/news/business-47708059 HTTP/1.1" 404 10077 "-" "-"
::1 - - [30/Mar/2019:00:08:40 +0000] "GET /fulltext/makefulltextfeed.php?format=json&url=https://www.bbc.co.uk/news/business-47667620 HTTP/1.1" 404 10077 "-" "-"
::1 - - [30/Mar/2019:00:08:40 +0000] "GET /fulltext/makefulltextfeed.php?format=json&url=https://www.bbc.co.uk/news/business-47667621 HTTP/1.1" 404 10077 "-" "-"
::1 - - [30/Mar/2019:00:08:41 +0000] "GET /fulltext/makefulltextfeed.php?format=json&url=https://www.bbc.co.uk/news/business-47585733 HTTP/1.1" 404 10077 "-" "-"
::1 - - [30/Mar/2019:00:08:41 +0000] "GET /fulltext/makefulltextfeed.php?format=json&url=https://www.bbc.co.uk/news/business-47655114 HTTP/1.1" 404 10077 "-" "-"
::1 - - [30/Mar/2019:00:08:42 +0000] "GET /fulltext/makefulltextfeed.php?format=json&url=https://www.bbc.co.uk/news/business-47617206 HTTP/1.1" 404 10077 "-" "-"
::1 - - [30/Mar/2019:00:08:42 +0000] "GET /fulltext/makefulltextfeed.php?format=json&url=https://www.bbc.co.uk/news/business-47689385 HTTP/1.1" 404 10077 "-" "-"
::1 - - [30/Mar/2019:00:08:43 +0000] "GET /fulltext/makefulltextfeed.php?format=json&url=https://www.bbc.co.uk/news/business-47711500 HTTP/1.1" 404 10077 "-" "-"
::1 - - [30/Mar/2019:00:08:43 +0000] "GET /fulltext/makefulltextfeed.php?format=json&url=https://www.bbc.co.uk/news/stories-47711610 HTTP/1.1" 404 10077 "-" "-"
::1 - - [30/Mar/2019:00:08:43 +0000] "GET /fulltext/makefulltextfeed.php?format=json&url=https://www.bbc.co.uk/news/business-47704954 HTTP/1.1" 404 10077 "-" "-"
::1 - - [30/Mar/2019:00:08:44 +0000] "GET /fulltext/makefulltextfeed.php?format=json&url=https://www.bbc.co.uk/news/business-47642006 HTTP/1.1" 404 10077 "-" "-"
64.62.252.174 - - [30/Mar/2019:00:08:45 +0000] "GET /index.php?sid=1bca46bd4e476b5f8a6141308e3c11b8 HTTP/1.1" 404 4941 "-" "The Knowledge AI"
::1 - - [30/Mar/2019:00:08:45 +0000] "GET /fulltext/makefulltextfeed.php?format=json&url=https://www.bbc.co.uk/news/business-47699061 HTTP/1.1" 404 10077 "-" "-"
64.62.252.174 - - [30/Mar/2019:00:08:45 +0000] "GET /search.php?sid=1bca46bd4e476b5f8a6141308e3c11b8 HTTP/1.1" 404 4941 "-" "The Knowledge AI"
::1 - - [30/Mar/2019:00:08:46 +0000] "GET /fulltext/makefulltextfeed.php?format=json&url=https://www.bbc.co.uk/news/business-47698084 HTTP/1.1" 404 10077 "-" "-"
64.62.252.174 - - [30/Mar/2019:00:08:46 +0000] "GET /search.php?search_id=unanswered&sid=1bca46bd4e476b5f8a6141308e3c11b8 HTTP/1.1" 404 4941 "-" "The Knowledge AI"
::1 - - [30/Mar/2019:00:08:46 +0000] "GET /fulltext/makefulltextfeed.php?format=json&url=https://www.bbc.co.uk/news/business-47689065 HTTP/1.1" 404 10077 "-" "-"
::1 - - [30/Mar/2019:00:08:47 +0000] "GET /fulltext/makefulltextfeed.php?format=json&url=https://www.bbc.co.uk/news/technology-47158067 HTTP/1.1" 404 10077 "-" "-"
